
Attaching package: ‘dplyr’

The following objects are masked from ‘package:stats’:

    filter, lag

The following objects are masked from ‘package:base’:

    intersect, setdiff, setequal, union


Attaching package: ‘lubridate’

The following objects are masked from ‘package:base’:

    date, intersect, setdiff, union


Attaching package: ‘reshape2’

The following object is masked from ‘package:tidyr’:

    smiths



             . ,,                                                            
            ,      ,,                                                        
 ,,,,,,    ,         ,,                                                      
,     ,,  ,            ,,,,.                                                 
,,     , ,,   ,,,,,,    ,,,                                 //  //           
  ,     ,,,.   ,,,,,.   ,,      ////                        //  //           
,,     ,,,,,.           ,,     // //     //////    /////    //  //    /////  
,,,        ,,           ,      //  //    /    //  //   //   //  //   //   // 
              ,,       ,      ////////   /    //  //   //   //  //   //   // 
                ,,   ,,      //     //   /   ///  //   //   //  //   //   // 
                   ,         //      //  /////      ///      //  //    ///   
                                         //                                  
                                         //                                  

Apollo 0.3.6
https://www.ApolloChoiceModelling.com
See url for a detailed manual, examples and a user forum.
Sign up to the user forum to receive updates on new releases.

Please cite Apollo in all written material you produce:
Hess S, Palma D (2019). "Apollo: a flexible, powerful and customisable
freeware package for choice model estimation and application." Journal
of Choice Modelling, 32. doi.org/10.1016/j.jocm.2019.100170

The developers of Apollo acknowledge the substantial support provided by
the European Research Council (ERC) through the consolidator grant DECISIONS,
the proof of concept grant APOLLO, and the advanced grant SYNERGY.

Attaching package: ‘dplyr’

The following objects are masked from ‘package:stats’:

    filter, lag

The following objects are masked from ‘package:base’:

    intersect, setdiff, setequal, union


Attaching package: ‘lubridate’

The following objects are masked from ‘package:base’:

    date, intersect, setdiff, union


Attaching package: ‘reshape2’

The following object is masked from ‘package:tidyr’:

    smiths



             . ,,                                                            
            ,      ,,                                                        
 ,,,,,,    ,         ,,                                                      
,     ,,  ,            ,,,,.                                                 
,,     , ,,   ,,,,,,    ,,,                                 //  //           
  ,     ,,,.   ,,,,,.   ,,      ////                        //  //           
,,     ,,,,,.           ,,     // //     //////    /////    //  //    /////  
,,,        ,,           ,      //  //    /    //  //   //   //  //   //   // 
              ,,       ,      ////////   /    //  //   //   //  //   //   // 
                ,,   ,,      //     //   /   ///  //   //   //  //   //   // 
                   ,         //      //  /////      ///      //  //    ///   
                                         //                                  
                                         //                                  

Apollo 0.3.6
https://www.ApolloChoiceModelling.com
See url for a detailed manual, examples and a user forum.
Sign up to the user forum to receive updates on new releases.

Please cite Apollo in all written material you produce:
Hess S, Palma D (2019). "Apollo: a flexible, powerful and customisable
freeware package for choice model estimation and application." Journal
of Choice Modelling, 32. doi.org/10.1016/j.jocm.2019.100170

The developers of Apollo acknowledge the substantial support provided by
the European Research Council (ERC) through the consolidator grant DECISIONS,
the proof of concept grant APOLLO, and the advanced grant SYNERGY.
Rows: 10597 Columns: 10597
── Column specification ────────────────────────────────────────────────────────
Delimiter: ","
dbl (10597): X1, X2, X3, X4, X5, X6, X7, X8, X9, X10, X11, X12, X13, X14, X1...

ℹ Use `spec()` to retrieve the full column specification for this data.
ℹ Specify the column types or set `show_col_types = FALSE` to quiet this message.
Número inicial de filas 10597 
Número final de filas 9412
   0    1 
5004 4408 

   0    1 
7186 2226 
Successfully loaded /home/preyes/enut-i/output/FMNL-epf-viii_model.rds

INFORMATION: Your version of Apollo is more than six months old. Using
  the latest version will ensure you have all current functionality and
  bug fixes. You can update to the latest version by typing:
  install.packages("apollo") 
Apollo ignition sequence completed
All checks on apollo_control completed.
All checks on database completed.
WARNING: Element database in the global environment differs from that
  inside apollo_inputs. The latter will be used. If you wish to use the
  former, stop this function by pressing the "Escape" key, and rerun
  apollo_validateInputs before calling this function. 
Running predictions from model using estimated parameters...

Prediction at user provided parameters
          alimentos vestimenta cuentas  hogar  salud transporte comunicaciones
Aggregate   1685.96     278.06 1345.21 336.77 586.18     844.91         464.18
Average        0.26       0.04    0.21   0.05   0.09       0.13           0.07
          recreacion educacion restaurantes
Aggregate     309.70    294.00       337.03
Average         0.05      0.05         0.05

The output from apollo_prediction is a matrix containing the
  predictions at the estimated values.
Successfully loaded /home/preyes/enut-i/output/FMNL-epf-viii_model.rds

INFORMATION: Your version of Apollo is more than six months old. Using
  the latest version will ensure you have all current functionality and
  bug fixes. You can update to the latest version by typing:
  install.packages("apollo") 
Apollo ignition sequence completed
All checks on apollo_control completed.
All checks on database completed.
WARNING: Element database in the global environment differs from that
  inside apollo_inputs. The latter will be used. If you wish to use the
  former, stop this function by pressing the "Escape" key, and rerun
  apollo_validateInputs before calling this function. 
Running predictions from model using estimated parameters...

Prediction at user provided parameters
          alimentos vestimenta cuentas  hogar  salud transporte comunicaciones
Aggregate   1685.96     278.06 1345.21 336.77 586.18     844.91         464.18
Average        0.26       0.04    0.21   0.05   0.09       0.13           0.07
          recreacion educacion restaurantes
Aggregate     309.70    294.00       337.03
Average         0.05      0.05         0.05

The output from apollo_prediction is a matrix containing the
  predictions at the estimated values.
Warning message:
Removed 4731 rows containing non-finite outside the scale range (`stat_bin()`). 
